
> starter_helpi@0.1.0 test
> react-scripts test --coverage

FAIL src/App.test.tsx
  ✕ renders learn react link (51 ms)

  ● renders learn react link

    TestingLibraryElementError: Unable to find an element with the text: /learn react/i. This could be because the text is broken up by multiple elements. In this case, you can provide a function for your text matcher to make your matcher more flexible.

    Ignored nodes: comments, script, style
    [36m<body>[39m
      [36m<div>[39m
        [36m<div[39m
          [33mclass[39m=[32m"App"[39m
        [36m>[39m
          [36m<header[39m
            [33mclass[39m=[32m"header"[39m
          [36m>[39m
            [36m<div[39m
              [33mclass[39m=[32m"menu-icon"[39m
            [36m>[39m
              [36m<svg[39m
                [33mclass[39m=[32m"bi bi-list"[39m
                [33mfill[39m=[32m"currentColor"[39m
                [33mheight[39m=[32m"30"[39m
                [33mviewBox[39m=[32m"0 0 16 16"[39m
                [33mwidth[39m=[32m"30"[39m
                [33mxmlns[39m=[32m"http://www.w3.org/2000/svg"[39m
              [36m>[39m
                [36m<path[39m
                  [33md[39m=[32m"M2.5 12a.5.5 0 0 1 .5-.5h10a.5.5 0 0 1 0 1H3a.5.5 0 0 1-.5-.5m0-4a.5.5 0 0 1 .5-.5h10a.5.5 0 0 1 0 1H3a.5.5 0 0 1-.5-.5m0-4a.5.5 0 0 1 .5-.5h10a.5.5 0 0 1 0 1H3a.5.5 0 0 1-.5-.5"[39m
                  [33mfill-rule[39m=[32m"evenodd"[39m
                [36m/>[39m
              [36m</svg>[39m
            [36m</div>[39m
            [36m<h1[39m
              [33mclass[39m=[32m"website-title"[39m
            [36m>[39m
              [0mCareer Pathway - Choose Your Career With Us[0m
            [36m</h1>[39m
            [36m<button[39m
              [33mclass[39m=[32m"return-button btn btn-outline-light"[39m
              [33mtype[39m=[32m"button"[39m
            [36m>[39m
              [0mReturn to Main Page[0m
            [36m</button>[39m
          [36m</header>[39m
          [36m<div[39m
            [33mclass[39m=[32m"content"[39m
          [36m>[39m
            [36m<h2>[39m
              [0mSelect Your Quiz Type[0m
            [36m</h2>[39m
            [36m<div[39m
              [33mclass[39m=[32m"button-group"[39m
            [36m>[39m
              [36m<button[39m
                [33mclass[39m=[32m"quiz-button btn btn-Basic"[39m
                [33mtype[39m=[32m"button"[39m
              [36m>[39m
                [0mBasic Questions ❓[0m
              [36m</button>[39m
              [36m<button[39m
                [33mclass[39m=[32m"quiz-button btn btn-Advanced"[39m
                [33mtype[39m=[32m"button"[39m
              [36m>[39m
                [0mAdvanced Questions ❓[0m
              [36m</button>[39m
            [36m</div>[39m
          [36m</div>[39m
          [36m<div[39m
            [33mclass[39m=[32m"logo"[39m
          [36m>[39m
            [36m<img[39m
              [33malt[39m=[32m"Career Pathway Logo"[39m
              [33mclass[39m=[32m"logo"[39m
              [33msrc[39m=[32m"logo.svg"[39m
            [36m/>[39m
          [36m</div>[39m
          [36m<footer[39m
            [33mclass[39m=[32m"footer"[39m
          [36m>[39m
            [36m<p>[39m
              [0mBuilt by Maksym Shkopas, Isaiah Moore, Marcos Diaz Vazquez, Dhruv Patel[0m
            [36m</p>[39m
          [36m</footer>[39m
          [36m<form[39m
            [33mclass[39m=[32m""[39m
          [36m>[39m
            [36m<label[39m
              [33mclass[39m=[32m"form-label"[39m
            [36m>[39m
              [0mAPI Key:[0m
            [36m</label>[39m
            [36m<input[39m
              [33mclass[39m=[32m"form-control"[39m
              [33mplaceholder[39m=[32m"Insert API Key Here"[39m
              [33mtype[39m=[32m"password"[39m
            [36m/>[39m
            [36m<br />[39m
            [36m<button[39m
              [33mclass[39m=[32m"Submit-Button btn btn-primary"[39m
              [33mtype[39m=[32m"button"[39m
            [36m>[39m
              [0mSubmit[0m
            [36m</button>[39m
          [36m</form>[39m
        [36m</div>[39m
      [36m</div>[39m
    [36m</body>[39m

       5 | test('renders learn react link', () => {
       6 |   render(<App />);
    >  7 |   const linkElement = screen.getByText(/learn react/i);
         |                              ^
       8 |   expect(linkElement).toBeInTheDocument();
       9 | });
      10 |

      at Object.getElementError (node_modules/@testing-library/react/node_modules/@testing-library/dom/dist/config.js:37:19)
      at node_modules/@testing-library/react/node_modules/@testing-library/dom/dist/query-helpers.js:76:38
      at node_modules/@testing-library/react/node_modules/@testing-library/dom/dist/query-helpers.js:52:17
      at getByText (node_modules/@testing-library/react/node_modules/@testing-library/dom/dist/query-helpers.js:95:19)
      at Object.<anonymous> (src/App.test.tsx:7:30)
      at TestScheduler.scheduleTests (node_modules/@jest/core/build/TestScheduler.js:333:13)
      at runJest (node_modules/@jest/core/build/runJest.js:404:19)
      at _run10000 (node_modules/@jest/core/build/cli/index.js:320:7)
      at runCLI (node_modules/@jest/core/build/cli/index.js:173:3)

--------------------|---------|----------|---------|---------|-------------------
File                | % Stmts | % Branch | % Funcs | % Lines | Uncovered Line #s 
--------------------|---------|----------|---------|---------|-------------------
All files           |   28.57 |    16.66 |      20 |   28.57 |                   
 App.tsx            |      60 |       50 |   33.33 |      60 | 13,23-29          
 index.tsx          |       0 |      100 |     100 |       0 | 7-19              
 reportWebVitals.ts |       0 |        0 |       0 |       0 | 3-10              
--------------------|---------|----------|---------|---------|-------------------
Test Suites: 1 failed, 1 total
Tests:       1 failed, 1 total
Snapshots:   0 total
Time:        2.765 s
Ran all test suites.
[0;33mOne of your dependencies, babel-preset-react-app, is importing the
"@babel/plugin-proposal-private-property-in-object" package without
declaring it in its dependencies. This is currently working because
"@babel/plugin-proposal-private-property-in-object" is already in your
node_modules folder for unrelated reasons, but it [1mmay break at any time[0;33m.

babel-preset-react-app is part of the create-react-app project, [1mwhich
is not maintianed anymore[0;33m. It is thus unlikely that this bug will
ever be fixed. Add "@babel/plugin-proposal-private-property-in-object" to
your devDependencies to work around this error. This will make this message
go away.[0m
  
